2025-03-15 08:00:01,234 - app.server - INFO - Application starting on port 8000
2025-03-15 08:00:02,456 - app.database - INFO - Connecting to PostgreSQL at db.internal:5432
2025-03-15 08:00:02,890 - app.database - INFO - Database connection pool initialized (size=10)
2025-03-15 08:00:03,112 - app.cache - INFO - Redis connection established at cache.internal:6379
2025-03-15 08:00:05,334 - app.server - INFO - Server ready, accepting requests
2025-03-15 08:05:12,567 - app.auth - WARNING - Failed login attempt for user 'admin' from 192.168.1.100
2025-03-15 08:05:14,789 - app.auth - WARNING - Failed login attempt for user 'admin' from 192.168.1.100
2025-03-15 08:05:16,901 - app.auth - WARNING - Failed login attempt for user 'admin' from 192.168.1.100
2025-03-15 08:05:18,123 - app.auth - ERROR - Authentication failed: invalid credentials for user 'admin' from 192.168.1.100 (attempt 4/5)
2025-03-15 08:05:20,345 - app.auth - CRITICAL - Account locked: too many failed attempts for user 'admin' from 192.168.1.100
2025-03-15 08:10:33,456 - app.api.orders - INFO - Processing order #ORD-2025-8834
2025-03-15 08:10:34,678 - app.database - ERROR - OperationalError: could not connect to database server: Connection refused
	Is the server running on host "db.internal" and accepting TCP/IP connections on port 5432?
2025-03-15 08:10:34,679 - app.database - ERROR - Database connection lost, attempting reconnect (1/3)
2025-03-15 08:10:37,890 - app.database - ERROR - Database connection lost, attempting reconnect (2/3)
2025-03-15 08:10:40,901 - app.database - ERROR - Database connection lost, attempting reconnect (3/3)
2025-03-15 08:10:41,012 - app.database - CRITICAL - Database connection failed after 3 retries, entering degraded mode
2025-03-15 08:10:41,123 - app.api.orders - ERROR - Failed to process order #ORD-2025-8834: database unavailable
Traceback (most recent call last):
  File "/app/api/orders.py", line 142, in process_order
    result = await db.execute(query, params)
  File "/app/database/pool.py", line 89, in execute
    conn = await self.acquire()
  File "/app/database/pool.py", line 45, in acquire
    raise ConnectionError("No available connections")
ConnectionError: No available connections
2025-03-15 08:10:42,234 - app.api.orders - ERROR - Failed to process order #ORD-2025-8835: database unavailable
2025-03-15 08:10:43,345 - app.api.orders - ERROR - Failed to process order #ORD-2025-8836: database unavailable
2025-03-15 08:10:44,456 - app.api.orders - ERROR - Failed to process order #ORD-2025-8837: database unavailable
2025-03-15 08:15:01,567 - app.database - INFO - Database connection restored
2025-03-15 08:15:02,678 - app.api.orders - INFO - Reprocessing 4 queued orders
2025-03-15 08:20:15,789 - app.worker - WARNING - Worker memory usage at 85% (3.4GB / 4.0GB)
2025-03-15 08:25:30,890 - app.worker - WARNING - Worker memory usage at 92% (3.7GB / 4.0GB)
2025-03-15 08:28:45,901 - app.worker - ERROR - MemoryError: cannot allocate 256MB for batch processing
Traceback (most recent call last):
  File "/app/worker/batch.py", line 67, in process_batch
    data = load_dataset(batch_id)
  File "/app/worker/batch.py", line 34, in load_dataset
    return pd.read_csv(filepath)
  File "/usr/lib/python3.11/site-packages/pandas/io/parsers.py", line 948, in read_csv
    return _read(filepath, kwds)
MemoryError: Unable to allocate 256 MiB for an array with shape (33554432, 1)
2025-03-15 08:28:46,012 - app.worker - CRITICAL - Worker process killed by OOM killer (PID: 4523)
2025-03-15 08:28:47,123 - app.supervisor - WARNING - Worker exited with code 137 (SIGKILL), restarting...
2025-03-15 08:28:50,234 - app.supervisor - INFO - New worker spawned (PID: 4601)
2025-03-15 08:30:00,345 - app.api.users - ERROR - IntegrityError: duplicate key value violates unique constraint "users_email_key"
  Detail: Key (email)=(john@example.com) already exists.
2025-03-15 08:35:12,456 - app.cache - ERROR - Redis connection timed out after 5000ms
2025-03-15 08:35:13,567 - app.cache - WARNING - Falling back to database queries (cache unavailable)
2025-03-15 08:40:00,678 - app.api.reports - INFO - Generating monthly report for March 2025
2025-03-15 08:40:45,789 - app.api.reports - ERROR - Report generation failed: connection timed out to analytics.internal:9200
2025-03-15 08:45:00,890 - app.scheduler - INFO - Running scheduled task: cleanup_expired_sessions
2025-03-15 08:45:01,901 - app.scheduler - ERROR - Failed to cleanup sessions: permission denied on /var/lib/app/sessions
2025-03-15 08:50:15,012 - app.api.upload - ERROR - File upload failed: no space left on device (/data/uploads)
2025-03-15 08:50:16,123 - app.monitor - CRITICAL - Disk usage at 98% on /data partition - immediate cleanup required
2025-03-15 08:55:00,234 - app.api.search - WARNING - Search query took 12.5s (threshold: 5s) for query: "SELECT * FROM products WHERE..."
2025-03-15 09:00:00,345 - app.server - INFO - Health check: OK (uptime: 1h, requests: 15234, errors: 42)
